
                         Lattice Mapping Report File

Design:  lab1_sevenseg_rk
Family:  iCE40UP
Device:  iCE40UP5K
Package: SG48
Performance Grade:  High-Performance_1.2V

Mapper:    version Radiant Software (64-bit) 2026.1.0.37.0
Mapped on: Wed Sep  9 16:09:51 2026

Design Information
------------------

Command line:   map -pdc C:/Users/rkong/Documents/GitHub/E155-Lab1/fpga/e155_lab
     1_rk/testing_pin_assignment.pdc -i e155_lab1_rk_impl_1_syn.udb -o
     e155_lab1_rk_impl_1_map.udb -mp e155_lab1_rk_impl_1.mrp -hierrpt -gui
     -msgset
     C:/Users/rkong/Documents/GitHub/E155-Lab1/fpga/e155_lab1_rk/promote.xml

Design Summary
--------------

   Number of slice registers:   0 out of  5280 (0%)
   Number of I/O registers:      0 out of   117 (0%)
   Number of LUT4s:             7 out of  5280 (<1%)
      Number of logic LUT4s:               7
      Number of ripple logic:              0 (0 LUT4s)
   Number of IO sites used:   11 out of 39 (28%)
      Number of IO sites used for general PIO: 11
      Number of IO sites used for I3C: 0 out of 2 (0%)
      (note: If I3C is not used, its site can be used as general PIO)
      Number of IO sites used for PIO+I3C: 11 out of 36 (31%)
      Number of IO sites used for OD+RGB IO buffers: 0 out of 3 (0%)
      (note: If RGB LED drivers are not used, sites can be used as OD outputs,
       see TN1288 iCE40 LED Driver Usage Guide)
      Number of IO sites used for PIO+I3C+OD+RGB: 11 out of 39 (28%)
   Number of DSPs:             0 out of 8 (0%)
   Number of I2Cs:             0 out of 2 (0%)
   Number of High Speed OSCs:  0 out of 1 (0%)
   Number of Low Speed OSCs:   0 out of 1 (0%)
   Number of RGB PWM:          0 out of 1 (0%)
   Number of RGB Drivers:      0 out of 1 (0%)
   Number of SCL FILTERs:      0 out of 2 (0%)
   Number of SRAMs:            0 out of 4 (0%)
   Number of WARMBOOTs:        0 out of 1 (0%)
   Number of SPIs:             0 out of 2 (0%)
   Number of EBRs:             0 out of 30 (0%)
   Number of PLLs:             0 out of 1 (0%)
   Number of Clocks:  0
   Number of Clock Enables:  0
   Number of LSRs:  0
   Top 10 highest fanout non-clock nets:
      Net switch_c[0]: 7 loads
      Net switch_c[1]: 7 loads
      Net switch_c[2]: 7 loads
      Net switch_c[3]: 7 loads
      Net segments_abc_defg_c[0]: 1 loads
      Net segments_abc_defg_c[2]: 1 loads
      Net segments_abc_defg_c[3]: 1 loads
      Net segments_abc_defg_c[4]: 1 loads

                                    Page 1





Design Summary (cont)
---------------------
      Net segments_abc_defg_c[5]: 1 loads
      Net segments_abc_defg_c[6]: 1 loads





   Number of warnings:  48
   Number of criticals: 0
   Number of errors:    0

Design Errors/Criticals/Warnings
--------------------------------

WARNING <1026001> - map: C:/Users/rkong/Documents/GitHub/E155-Lab1/fpga/e155_lab
     1_rk/testing_pin_assignment.pdc (1) : No port matched 'seg[1]'.
WARNING <1026001> - map: C:/Users/rkong/Documents/GitHub/E155-Lab1/fpga/e155_lab
     1_rk/testing_pin_assignment.pdc (2) : No port matched 'seg[2]'.
WARNING <1026001> - map: C:/Users/rkong/Documents/GitHub/E155-Lab1/fpga/e155_lab
     1_rk/testing_pin_assignment.pdc (3) : No port matched 'seg[3]'.
WARNING <1026001> - map: C:/Users/rkong/Documents/GitHub/E155-Lab1/fpga/e155_lab
     1_rk/testing_pin_assignment.pdc (4) : No port matched 'seg[4]'.
WARNING <1026001> - map: C:/Users/rkong/Documents/GitHub/E155-Lab1/fpga/e155_lab
     1_rk/testing_pin_assignment.pdc (5) : No port matched 'seg[5]'.
WARNING <1026001> - map: C:/Users/rkong/Documents/GitHub/E155-Lab1/fpga/e155_lab
     1_rk/testing_pin_assignment.pdc (6) : No port matched 'seg[6]'.
WARNING <1026001> - map: C:/Users/rkong/Documents/GitHub/E155-Lab1/fpga/e155_lab
     1_rk/testing_pin_assignment.pdc (7) : No port matched 'seg[0]'.
WARNING <1026001> - map: C:/Users/rkong/Documents/GitHub/E155-Lab1/fpga/e155_lab
     1_rk/testing_pin_assignment.pdc (12) : No port matched 'led[0]'.
WARNING <1026001> - map: C:/Users/rkong/Documents/GitHub/E155-Lab1/fpga/e155_lab
     1_rk/testing_pin_assignment.pdc (13) : No port matched 'led[2]'.
WARNING <1026001> - map: C:/Users/rkong/Documents/GitHub/E155-Lab1/fpga/e155_lab
     1_rk/testing_pin_assignment.pdc (14) : No port matched 'led[1]'.
WARNING <1026001> - map: C:/Users/rkong/Documents/GitHub/E155-Lab1/fpga/e155_lab
     1_rk/testing_pin_assignment.pdc (15) : No port matched 'reset'.
WARNING <1026001> - map: C:/Users/rkong/Documents/GitHub/E155-Lab1/fpga/e155_lab
     1_rk/testing_pin_assignment.pdc (16) : No port matched 'enable'.
WARNING <1027013> - map: No port matched 'seg[1]'.
WARNING <1026001> - map: C:/Users/rkong/Documents/GitHub/E155-Lab1/fpga/e155_lab
     1_rk/testing_pin_assignment.pdc (1) : Can't resolve object 'seg[1]' in
     constraint 'ldc_set_location -site {45} [get_ports {seg[1]}]'.
WARNING <1027013> - map: No port matched 'seg[2]'.
WARNING <1026001> - map: C:/Users/rkong/Documents/GitHub/E155-Lab1/fpga/e155_lab
     1_rk/testing_pin_assignment.pdc (2) : Can't resolve object 'seg[2]' in
     constraint 'ldc_set_location -site {3} [get_ports {seg[2]}]'.
WARNING <1027013> - map: No port matched 'seg[3]'.
WARNING <1026001> - map: C:/Users/rkong/Documents/GitHub/E155-Lab1/fpga/e155_lab
     1_rk/testing_pin_assignment.pdc (3) : Can't resolve object 'seg[3]' in
     constraint 'ldc_set_location -site {44} [get_ports {seg[3]}]'.
WARNING <1027013> - map: No port matched 'seg[4]'.
WARNING <1026001> - map: C:/Users/rkong/Documents/GitHub/E155-Lab1/fpga/e155_lab
     1_rk/testing_pin_assignment.pdc (4) : Can't resolve object 'seg[4]' in
     constraint 'ldc_set_location -site {9} [get_ports {seg[4]}]'.
WARNING <1027013> - map: No port matched 'seg[5]'.
WARNING <1026001> - map: C:/Users/rkong/Documents/GitHub/E155-Lab1/fpga/e155_lab
     1_rk/testing_pin_assignment.pdc (5) : Can't resolve object 'seg[5]' in
     constraint 'ldc_set_location -site {18} [get_ports {seg[5]}]'.

                                    Page 2





Design Errors/Criticals/Warnings (cont)
---------------------------------------
WARNING <1027013> - map: No port matched 'seg[6]'.
WARNING <1026001> - map: C:/Users/rkong/Documents/GitHub/E155-Lab1/fpga/e155_lab
     1_rk/testing_pin_assignment.pdc (6) : Can't resolve object 'seg[6]' in
     constraint 'ldc_set_location -site {13} [get_ports {seg[6]}]'.
WARNING <1027013> - map: No port matched 'seg[0]'.
WARNING <1026001> - map: C:/Users/rkong/Documents/GitHub/E155-Lab1/fpga/e155_lab
     1_rk/testing_pin_assignment.pdc (7) : Can't resolve object 'seg[0]' in
     constraint 'ldc_set_location -site {46} [get_ports {seg[0]}]'.
WARNING <1027013> - map: No port matched 'led[0]'.
WARNING <1026001> - map: C:/Users/rkong/Documents/GitHub/E155-Lab1/fpga/e155_lab
     1_rk/testing_pin_assignment.pdc (12) : Can't resolve object 'led[0]' in
     constraint 'ldc_set_location -site {42} [get_ports {led[0]}]'.
WARNING <1027013> - map: No port matched 'led[2]'.
WARNING <1026001> - map: C:/Users/rkong/Documents/GitHub/E155-Lab1/fpga/e155_lab
     1_rk/testing_pin_assignment.pdc (13) : Can't resolve object 'led[2]' in
     constraint 'ldc_set_location -site {28} [get_ports {led[2]}]'.
WARNING <1027013> - map: No port matched 'led[1]'.
WARNING <1026001> - map: C:/Users/rkong/Documents/GitHub/E155-Lab1/fpga/e155_lab
     1_rk/testing_pin_assignment.pdc (14) : Can't resolve object 'led[1]' in
     constraint 'ldc_set_location -site {38} [get_ports {led[1]}]'.
WARNING <1027013> - map: No port matched 'reset'.
WARNING <1026001> - map: C:/Users/rkong/Documents/GitHub/E155-Lab1/fpga/e155_lab
     1_rk/testing_pin_assignment.pdc (15) : Can't resolve object 'reset' in
     constraint 'ldc_set_location -site {34} [get_ports reset]'.
WARNING <1027013> - map: No port matched 'enable'.
WARNING <1026001> - map: C:/Users/rkong/Documents/GitHub/E155-Lab1/fpga/e155_lab
     1_rk/testing_pin_assignment.pdc (16) : Can't resolve object 'enable' in
     constraint 'ldc_set_location -site {43} [get_ports enable]'.
WARNING <1011001> - map: Remove invalid constraint 'ldc_set_location -site {45}
     [get_ports {seg[1]}]'.
WARNING <1011001> - map: Remove invalid constraint 'ldc_set_location -site {3}
     [get_ports {seg[2]}]'.
WARNING <1011001> - map: Remove invalid constraint 'ldc_set_location -site {44}
     [get_ports {seg[3]}]'.
WARNING <1011001> - map: Remove invalid constraint 'ldc_set_location -site {9}
     [get_ports {seg[4]}]'.
WARNING <1011001> - map: Remove invalid constraint 'ldc_set_location -site {18}
     [get_ports {seg[5]}]'.
WARNING <1011001> - map: Remove invalid constraint 'ldc_set_location -site {13}
     [get_ports {seg[6]}]'.
WARNING <1011001> - map: Remove invalid constraint 'ldc_set_location -site {46}
     [get_ports {seg[0]}]'.
WARNING <1011001> - map: Remove invalid constraint 'ldc_set_location -site {42}
     [get_ports {led[0]}]'.
WARNING <1011001> - map: Remove invalid constraint 'ldc_set_location -site {28}
     [get_ports {led[2]}]'.
WARNING <1011001> - map: Remove invalid constraint 'ldc_set_location -site {38}
     [get_ports {led[1]}]'.
WARNING <1011001> - map: Remove invalid constraint 'ldc_set_location -site {34}
     [get_ports reset]'.
WARNING <1011001> - map: Remove invalid constraint 'ldc_set_location -site {43}
     [get_ports enable]'.

IO (PIO) Attributes
-------------------

+---------------------+-----------+-----------+-------+-------+-----------+

                                    Page 3





IO (PIO) Attributes (cont)
--------------------------
| IO Name             | Direction | Levelmode |  IO   |  IO   | Special   |
|                     |           |  IO_TYPE  |  REG  |  DDR  | IO Buffer |
+---------------------+-----------+-----------+-------+-------+-----------+
| switch[3]           | INPUT     |           |       |       |           |
+---------------------+-----------+-----------+-------+-------+-----------+
| switch[2]           | INPUT     |           |       |       |           |
+---------------------+-----------+-----------+-------+-------+-----------+
| switch[1]           | INPUT     |           |       |       |           |
+---------------------+-----------+-----------+-------+-------+-----------+
| switch[0]           | INPUT     |           |       |       |           |
+---------------------+-----------+-----------+-------+-------+-----------+
| segments_abc_defg[6]| OUTPUT    |           |       |       |           |
+---------------------+-----------+-----------+-------+-------+-----------+
| segments_abc_defg[5]| OUTPUT    |           |       |       |           |
+---------------------+-----------+-----------+-------+-------+-----------+
| segments_abc_defg[4]| OUTPUT    |           |       |       |           |
+---------------------+-----------+-----------+-------+-------+-----------+
| segments_abc_defg[3]| OUTPUT    |           |       |       |           |
+---------------------+-----------+-----------+-------+-------+-----------+
| segments_abc_defg[2]| OUTPUT    |           |       |       |           |
+---------------------+-----------+-----------+-------+-------+-----------+
| segments_abc_defg[1]| OUTPUT    |           |       |       |           |
+---------------------+-----------+-----------+-------+-------+-----------+
| segments_abc_defg[0]| OUTPUT    |           |       |       |           |
+---------------------+-----------+-----------+-------+-------+-----------+

Removed logic
-------------

Block segments_abc_defg_pad[6].vhi_inst was optimized away.
Block switch_pad[3].vlo_inst was optimized away.

Constraint Summary
------------------

   Total number of constraints: 17
   Total number of constraints dropped: 12
   Dropped constraints are:
     ldc_set_location -site {45} [get_ports {seg[1]}]
     ldc_set_location -site {3} [get_ports {seg[2]}]
     ldc_set_location -site {44} [get_ports {seg[3]}]
     ldc_set_location -site {9} [get_ports {seg[4]}]
     ldc_set_location -site {18} [get_ports {seg[5]}]
     ldc_set_location -site {13} [get_ports {seg[6]}]
     ldc_set_location -site {46} [get_ports {seg[0]}]
     ldc_set_location -site {42} [get_ports {led[0]}]
     ldc_set_location -site {28} [get_ports {led[2]}]
     ldc_set_location -site {38} [get_ports {led[1]}]
     ldc_set_location -site {34} [get_ports reset]
     ldc_set_location -site {43} [get_ports enable]

Run Time and Memory Usage
-------------------------

   Total CPU Time: 0 secs
   Total REAL Time: 0 secs
   Peak Memory Usage: 66 MB

                                    Page 4





Run Time and Memory Usage (cont)
--------------------------------
Checksum -- map: 4c509c36862f616bcc8dcf06c2156a1cd3edd37a

























































                                    Page 5


Copyright (c) 1991-1994 by NeoCAD Inc. All rights reserved.
Copyright (c) 1995
     AT&T Corp.   All rights reserved.
Copyright (c) 1995-2001 Lucent
     Technologies Inc.  All rights reserved.
Copyright (c) 2001 Agere Systems
     All rights reserved.
Copyright (c) 2002-2026 Lattice Semiconductor
     Corporation,  All rights reserved.
