Lattice Timing Report -  Setup  and Hold, Version Radiant Software (64-bit) 2026.1.0.37.0

Sun Sep  6 23:46:17 2026

Copyright (c) 1991-1994 by NeoCAD Inc. All rights reserved.
Copyright (c) 1995 AT&T Corp.   All rights reserved.
Copyright (c) 1995-2001 Lucent Technologies Inc.  All rights reserved.
Copyright (c) 2001 Agere Systems   All rights reserved.
Copyright (c) 2002-2026 Lattice Semiconductor Corporation,  All rights reserved.

Command line:    timing -sethld -v 10 -u 10 -endpoints 10 -nperend 1 -sp High-Performance_1.2V -hsp m -pwrprd -html -rpt e155_lab1_rk_impl_1.twr e155_lab1_rk_impl_1.udb -gui -msgset C:/Users/rkong/Documents/GitHub/E155-Lab1/fpga/e155_lab1_rk/promote.xml

-----------------------------------------
Design:          lab1_rk
Family:          iCE40UP
Device:          iCE40UP5K
Package:         SG48
Performance:     High-Performance_1.2V
Package Status:                     Preliminary    Version 1.5
**Performance Hardware Data Status :   Advanced Version 1.0
-----------------------------------------


=====================================================================
                    Table of Contents
=====================================================================
    1  Timing Overview
        1.1  SDC Constraints
        1.2  Constraint Coverage
        1.3  Overall Summary
        1.4  Unconstrained Report
        1.5  Combinational Loop
    2  Setup at Speed Grade High-Performance_1.2V Corner at 100 Degrees
        2.1  Clock Summary
        2.2  Endpoint slacks
        2.3  Detailed Report
    3  Hold at Speed Grade m Corner at -40 Degrees
        3.1  Endpoint slacks
        3.2  Detailed Report

=====================================================================
                    End of Table of Contents
=====================================================================

==============================================
1  Timing Overview
==============================================

1.1  SDC Constraints
=====================
create_clock -name {int_osc} -period 20.8333 [get_pins {hf_osc/CLKHF }] 

1.2  Constraint Coverage
---------------------------
Constraint Coverage: 72.449%


1.3  Overall Summary
---------------------------
 Setup at Speed Grade High-Performance_1.2V Corner at 100 Degrees     Timing Errors: 0 endpoints;  Total Negative Slack: 0.000 ns 
 Hold at Speed Grade m Corner at -40 Degrees                          Timing Errors: 0 endpoints;  Total Negative Slack: 0.000 ns 

1.4  Unconstrained Report
===========================

1.4.1  Unconstrained Start/End Points
--------------------------------------

Clocked but unconstrained timing start points
--------------------------------------------------
There is no start point satisfying reporting criteria


Clocked but unconstrained timing end points
-------------------------------------------------------------------
          Listing 1 End Points          |           Type           
-------------------------------------------------------------------
counter/switch_led/SR                   |           No arrival time
-------------------------------------------------------------------
                                        |                          
Number of unconstrained timing end poin |                          
ts                                      |                         1
                                        |                          
-------------------------------------------------------------------

1.4.2  Start/End Points Without Timing Constraints
---------------------------------------------------

I/O ports without constraint
----------------------------
Possible constraints to use on I/O ports are:
set_input_delay,
set_output_delay,
set_max_delay,
create_clock,
create_generated_clock,
...

-------------------------------------------------------------------
     Listing 10 Start or End Points     |           Type           
-------------------------------------------------------------------
reset                                   |                     input
switch[3]                               |                     input
switch[2]                               |                     input
switch[1]                               |                     input
switch[0]                               |                     input
enable                                  |                     input
led[2]                                  |                    output
led[1]                                  |                    output
led[0]                                  |                    output
seg[6]                                  |                    output
-------------------------------------------------------------------
                                        |                          
Number of I/O ports without constraint  |                        16
                                        |                          
-------------------------------------------------------------------

Nets without clock definition
Define a clock on a top level port or a generated clock on a clock divider pin associated with this net(s).
--------------------------------------------------
There is no instance satisfying reporting criteria



1.5  Combinational Loop
========================
None

===============================================================
2  Setup at Speed Grade High-Performance_1.2V Corner at 100 Degrees
===============================================================

2.1  Clock Summary
=======================

2.1.1 Clock "int_osc"
=======================
create_clock -name {int_osc} -period 20.8333 [get_pins {hf_osc/CLKHF }] 

Single Clock Domain
-------------------------------------------------------------------------------------------------------
             Clock int_osc              |                    |       Period       |     Frequency      
-------------------------------------------------------------------------------------------------------
 From int_osc                           |             Target |          20.833 ns |         48.000 MHz 
                                        | Actual (all paths) |          20.792 ns |         48.095 MHz 
hf_osc/CLKHF (MPW)                      |   (50% duty cycle) |          20.792 ns |         48.095 MHz 
-------------------------------------------------------------------------------------------------------

Clock Domain Crossing

2.2  Endpoint slacks
=======================
-------------------------------------------------------
          Listing 10 End Points          |    Slack    
-------------------------------------------------------
counter/counter_14__i23/SR               |    5.685 ns 
{counter/counter_14__i5/SR   counter/counter_14__i6/SR}              
                                         |    6.796 ns 
{counter/counter_14__i7/SR   counter/counter_14__i8/SR}              
                                         |    6.796 ns 
{counter/counter_14__i9/SR   counter/counter_14__i10/SR}              
                                         |    6.796 ns 
{counter/counter_14__i11/SR   counter/counter_14__i12/SR}              
                                         |    6.796 ns 
{counter/counter_14__i13/SR   counter/counter_14__i14/SR}              
                                         |    6.796 ns 
{counter/counter_14__i15/SR   counter/counter_14__i16/SR}              
                                         |    6.796 ns 
{counter/counter_14__i17/SR   counter/counter_14__i18/SR}              
                                         |    6.796 ns 
{counter/counter_14__i19/SR   counter/counter_14__i20/SR}              
                                         |    6.796 ns 
{counter/counter_14__i21/SR   counter/counter_14__i22/SR}              
                                         |    6.796 ns 
-------------------------------------------------------
                                         |             
Setup # of endpoints with negative slack:|           0 
                                         |             
-------------------------------------------------------

2.3  Detailed Report
=======================


XXXXXXXXXXXXXXXXXXXXXXXXXXXXXXXXXXXXXXXXXXXXXXXXXXXXXXXXXX

Detail report of critical paths

XXXXXXXXXXXXXXXXXXXXXXXXXXXXXXXXXXXXXXXXXXXXXXXXXXXXXXXXXX

+++++++++++++++++++++++++++++++++++++++++++++++++++++++++++++++++++++ 
                    Detailed Report for timing paths 
+++++++++++++++++++++++++++++++++++++++++++++++++++++++++++++++++++++ 

++++ Path 1 ++++++++++++++++++++++++++++++++++++++++++++++++++++++++++ 

Path Begin       : counter/counter_14__i18/Q  (SLICE_R15C17B)
Path End         : counter/counter_14__i23/SR  (SLICE_R15C18A)
Source Clock     : int_osc (R)
Destination Clock: int_osc (R)
Logic Level      : 6
Delay Ratio      : 74.8% (route), 25.2% (logic)
Clock Skew       : 0.000 ns 
Setup Constraint : 20.833 ns 
Path Slack       : 5.685 ns  (Passed)


Source Clock Path
Name                                      Cell/Site Name     Delay Name       Incr      Arrival/Required Time  Fanout  
----------------------------------------  -----------------  ---------------  --------  ---------------------  ------  
hf_osc/CLKHF                              HFOSC_HFOSC_R1C32  CLOCK LATENCY       0.000                  0.000  15      
counter/int_osc                                              NET DELAY           5.499                  5.499  15      
{counter/counter_14__i17/CK   counter/counter_14__i18/CK}
                                                             CLOCK PIN           0.000                  5.499  1       


Data Path
Name                                      Cell/Site Name     Delay Name       Incr      Arrival/Required Time  Fanout  
----------------------------------------  -----------------  ---------------  --------  ---------------------  ------  
counter/counter_14__i18/CK->counter/counter_14__i18/Q
                                          SLICE_R15C17B      CLK_TO_Q1_DELAY     1.388                  6.887  2       
counter/counter[18]                                          NET DELAY           2.353                  9.240  2       
counter/i9_4_lut/D->counter/i9_4_lut/Z    SLICE_R14C15A      D0_TO_F0_DELAY      0.449                  9.689  1       
counter/n25                                                  NET DELAY           2.551                 12.240  1       
counter/i15_4_lut/A->counter/i15_4_lut/Z  SLICE_R14C16A      A1_TO_F1_DELAY      0.476                 12.716  1       
counter/n277                                                 NET DELAY           0.304                 13.020  1       
counter/i5_3_lut/B->counter/i5_3_lut/Z    SLICE_R14C16B      C0_TO_F0_DELAY      0.476                 13.496  1       
counter/n14                                                  NET DELAY           0.304                 13.800  1       
counter/i8_4_lut/C->counter/i8_4_lut/Z    SLICE_R14C16B      C1_TO_F1_DELAY      0.449                 14.249  2       
counter/n109                                                 NET DELAY           2.168                 16.417  2       
counter/i369_2_lut/A->counter/i369_2_lut/Z
                                          SLICE_R14C16C      D1_TO_F1_DELAY      0.449                 16.866  13      
counter/n21                                                  NET DELAY           3.252                 20.118  13      
counter/counter_14__i23/SR                                   ENDPOINT            0.000                 20.118  1       


Destination Clock Path
Name                                      Cell/Site Name     Delay Name       Incr      Arrival/Required Time  Fanout  
----------------------------------------  -----------------  ---------------  --------  ---------------------  ------  
                                                             CONSTRAINT          0.000                 20.833  1       
hf_osc/CLKHF                              HFOSC_HFOSC_R1C32  CLOCK LATENCY       0.000                 20.833  15      
counter/int_osc                                              NET DELAY           5.499                 26.332  15      
counter/counter_14__i23/CK                                   CLOCK PIN           0.000                 26.332  1       
                                                             Uncertainty      -(0.000)                 26.332  
                                                             Setup time       -(0.529)                 25.803  
----------------------------------------  -----------------  ---------------  --------  ---------------------  ------  
Required Time                                                                                          25.803  
Arrival Time                                                                                        -(20.117)  
----------------------------------------  -----------------  ---------------  --------  ---------------------  ------  
Path Slack  (Passed)                                                                                    5.685  




++++ Path 2 ++++++++++++++++++++++++++++++++++++++++++++++++++++++++++ 

Path Begin       : counter/counter_14__i18/Q  (SLICE_R15C17B)
Path End         : {counter/counter_14__i5/SR   counter/counter_14__i6/SR}  (SLICE_R15C15D)
Source Clock     : int_osc (R)
Destination Clock: int_osc (R)
Logic Level      : 6
Delay Ratio      : 72.7% (route), 27.3% (logic)
Clock Skew       : 0.000 ns 
Setup Constraint : 20.833 ns 
Path Slack       : 6.796 ns  (Passed)


Source Clock Path
Name                                      Cell/Site Name     Delay Name       Incr      Arrival/Required Time  Fanout  
----------------------------------------  -----------------  ---------------  --------  ---------------------  ------  
hf_osc/CLKHF                              HFOSC_HFOSC_R1C32  CLOCK LATENCY       0.000                  0.000  15      
counter/int_osc                                              NET DELAY           5.499                  5.499  15      
{counter/counter_14__i17/CK   counter/counter_14__i18/CK}
                                                             CLOCK PIN           0.000                  5.499  1       


Data Path
Name                                      Cell/Site Name     Delay Name       Incr      Arrival/Required Time  Fanout  
----------------------------------------  -----------------  ---------------  --------  ---------------------  ------  
counter/counter_14__i18/CK->counter/counter_14__i18/Q
                                          SLICE_R15C17B      CLK_TO_Q1_DELAY     1.388                  6.887  2       
counter/counter[18]                                          NET DELAY           2.353                  9.240  2       
counter/i9_4_lut/D->counter/i9_4_lut/Z    SLICE_R14C15A      D0_TO_F0_DELAY      0.449                  9.689  1       
counter/n25                                                  NET DELAY           2.551                 12.240  1       
counter/i15_4_lut/A->counter/i15_4_lut/Z  SLICE_R14C16A      A1_TO_F1_DELAY      0.476                 12.716  1       
counter/n277                                                 NET DELAY           0.304                 13.020  1       
counter/i5_3_lut/B->counter/i5_3_lut/Z    SLICE_R14C16B      C0_TO_F0_DELAY      0.476                 13.496  1       
counter/n14                                                  NET DELAY           0.304                 13.800  1       
counter/i8_4_lut/C->counter/i8_4_lut/Z    SLICE_R14C16B      C1_TO_F1_DELAY      0.449                 14.249  2       
counter/n109                                                 NET DELAY           2.168                 16.417  2       
counter/i369_2_lut/A->counter/i369_2_lut/Z
                                          SLICE_R14C16C      D1_TO_F1_DELAY      0.449                 16.866  13      
counter/n21                                                  NET DELAY           2.141                 19.007  13      
{counter/counter_14__i5/SR   counter/counter_14__i6/SR}
                                                             ENDPOINT            0.000                 19.007  1       


Destination Clock Path
Name                                      Cell/Site Name     Delay Name       Incr      Arrival/Required Time  Fanout  
----------------------------------------  -----------------  ---------------  --------  ---------------------  ------  
                                                             CONSTRAINT          0.000                 20.833  1       
hf_osc/CLKHF                              HFOSC_HFOSC_R1C32  CLOCK LATENCY       0.000                 20.833  15      
counter/int_osc                                              NET DELAY           5.499                 26.332  15      
{counter/counter_14__i5/CK   counter/counter_14__i6/CK}
                                                             CLOCK PIN           0.000                 26.332  1       
                                                             Uncertainty      -(0.000)                 26.332  
                                                             Setup time       -(0.529)                 25.803  
----------------------------------------  -----------------  ---------------  --------  ---------------------  ------  
Required Time                                                                                          25.803  
Arrival Time                                                                                        -(19.006)  
----------------------------------------  -----------------  ---------------  --------  ---------------------  ------  
Path Slack  (Passed)                                                                                    6.796  




++++ Path 3 ++++++++++++++++++++++++++++++++++++++++++++++++++++++++++ 

Path Begin       : counter/counter_14__i18/Q  (SLICE_R15C17B)
Path End         : {counter/counter_14__i7/SR   counter/counter_14__i8/SR}  (SLICE_R15C16A)
Source Clock     : int_osc (R)
Destination Clock: int_osc (R)
Logic Level      : 6
Delay Ratio      : 72.7% (route), 27.3% (logic)
Clock Skew       : 0.000 ns 
Setup Constraint : 20.833 ns 
Path Slack       : 6.796 ns  (Passed)


Source Clock Path
Name                                      Cell/Site Name     Delay Name       Incr      Arrival/Required Time  Fanout  
----------------------------------------  -----------------  ---------------  --------  ---------------------  ------  
hf_osc/CLKHF                              HFOSC_HFOSC_R1C32  CLOCK LATENCY       0.000                  0.000  15      
counter/int_osc                                              NET DELAY           5.499                  5.499  15      
{counter/counter_14__i17/CK   counter/counter_14__i18/CK}
                                                             CLOCK PIN           0.000                  5.499  1       


Data Path
Name                                      Cell/Site Name     Delay Name       Incr      Arrival/Required Time  Fanout  
----------------------------------------  -----------------  ---------------  --------  ---------------------  ------  
counter/counter_14__i18/CK->counter/counter_14__i18/Q
                                          SLICE_R15C17B      CLK_TO_Q1_DELAY     1.388                  6.887  2       
counter/counter[18]                                          NET DELAY           2.353                  9.240  2       
counter/i9_4_lut/D->counter/i9_4_lut/Z    SLICE_R14C15A      D0_TO_F0_DELAY      0.449                  9.689  1       
counter/n25                                                  NET DELAY           2.551                 12.240  1       
counter/i15_4_lut/A->counter/i15_4_lut/Z  SLICE_R14C16A      A1_TO_F1_DELAY      0.476                 12.716  1       
counter/n277                                                 NET DELAY           0.304                 13.020  1       
counter/i5_3_lut/B->counter/i5_3_lut/Z    SLICE_R14C16B      C0_TO_F0_DELAY      0.476                 13.496  1       
counter/n14                                                  NET DELAY           0.304                 13.800  1       
counter/i8_4_lut/C->counter/i8_4_lut/Z    SLICE_R14C16B      C1_TO_F1_DELAY      0.449                 14.249  2       
counter/n109                                                 NET DELAY           2.168                 16.417  2       
counter/i369_2_lut/A->counter/i369_2_lut/Z
                                          SLICE_R14C16C      D1_TO_F1_DELAY      0.449                 16.866  13      
counter/n21                                                  NET DELAY           2.141                 19.007  13      
{counter/counter_14__i7/SR   counter/counter_14__i8/SR}
                                                             ENDPOINT            0.000                 19.007  1       


Destination Clock Path
Name                                      Cell/Site Name     Delay Name       Incr      Arrival/Required Time  Fanout  
----------------------------------------  -----------------  ---------------  --------  ---------------------  ------  
                                                             CONSTRAINT          0.000                 20.833  1       
hf_osc/CLKHF                              HFOSC_HFOSC_R1C32  CLOCK LATENCY       0.000                 20.833  15      
counter/int_osc                                              NET DELAY           5.499                 26.332  15      
{counter/counter_14__i7/CK   counter/counter_14__i8/CK}
                                                             CLOCK PIN           0.000                 26.332  1       
                                                             Uncertainty      -(0.000)                 26.332  
                                                             Setup time       -(0.529)                 25.803  
----------------------------------------  -----------------  ---------------  --------  ---------------------  ------  
Required Time                                                                                          25.803  
Arrival Time                                                                                        -(19.006)  
----------------------------------------  -----------------  ---------------  --------  ---------------------  ------  
Path Slack  (Passed)                                                                                    6.796  




++++ Path 4 ++++++++++++++++++++++++++++++++++++++++++++++++++++++++++ 

Path Begin       : counter/counter_14__i18/Q  (SLICE_R15C17B)
Path End         : {counter/counter_14__i9/SR   counter/counter_14__i10/SR}  (SLICE_R15C16B)
Source Clock     : int_osc (R)
Destination Clock: int_osc (R)
Logic Level      : 6
Delay Ratio      : 72.7% (route), 27.3% (logic)
Clock Skew       : 0.000 ns 
Setup Constraint : 20.833 ns 
Path Slack       : 6.796 ns  (Passed)


Source Clock Path
Name                                      Cell/Site Name     Delay Name       Incr      Arrival/Required Time  Fanout  
----------------------------------------  -----------------  ---------------  --------  ---------------------  ------  
hf_osc/CLKHF                              HFOSC_HFOSC_R1C32  CLOCK LATENCY       0.000                  0.000  15      
counter/int_osc                                              NET DELAY           5.499                  5.499  15      
{counter/counter_14__i17/CK   counter/counter_14__i18/CK}
                                                             CLOCK PIN           0.000                  5.499  1       


Data Path
Name                                      Cell/Site Name     Delay Name       Incr      Arrival/Required Time  Fanout  
----------------------------------------  -----------------  ---------------  --------  ---------------------  ------  
counter/counter_14__i18/CK->counter/counter_14__i18/Q
                                          SLICE_R15C17B      CLK_TO_Q1_DELAY     1.388                  6.887  2       
counter/counter[18]                                          NET DELAY           2.353                  9.240  2       
counter/i9_4_lut/D->counter/i9_4_lut/Z    SLICE_R14C15A      D0_TO_F0_DELAY      0.449                  9.689  1       
counter/n25                                                  NET DELAY           2.551                 12.240  1       
counter/i15_4_lut/A->counter/i15_4_lut/Z  SLICE_R14C16A      A1_TO_F1_DELAY      0.476                 12.716  1       
counter/n277                                                 NET DELAY           0.304                 13.020  1       
counter/i5_3_lut/B->counter/i5_3_lut/Z    SLICE_R14C16B      C0_TO_F0_DELAY      0.476                 13.496  1       
counter/n14                                                  NET DELAY           0.304                 13.800  1       
counter/i8_4_lut/C->counter/i8_4_lut/Z    SLICE_R14C16B      C1_TO_F1_DELAY      0.449                 14.249  2       
counter/n109                                                 NET DELAY           2.168                 16.417  2       
counter/i369_2_lut/A->counter/i369_2_lut/Z
                                          SLICE_R14C16C      D1_TO_F1_DELAY      0.449                 16.866  13      
counter/n21                                                  NET DELAY           2.141                 19.007  13      
{counter/counter_14__i9/SR   counter/counter_14__i10/SR}
                                                             ENDPOINT            0.000                 19.007  1       


Destination Clock Path
Name                                      Cell/Site Name     Delay Name       Incr      Arrival/Required Time  Fanout  
----------------------------------------  -----------------  ---------------  --------  ---------------------  ------  
                                                             CONSTRAINT          0.000                 20.833  1       
hf_osc/CLKHF                              HFOSC_HFOSC_R1C32  CLOCK LATENCY       0.000                 20.833  15      
counter/int_osc                                              NET DELAY           5.499                 26.332  15      
{counter/counter_14__i9/CK   counter/counter_14__i10/CK}
                                                             CLOCK PIN           0.000                 26.332  1       
                                                             Uncertainty      -(0.000)                 26.332  
                                                             Setup time       -(0.529)                 25.803  
----------------------------------------  -----------------  ---------------  --------  ---------------------  ------  
Required Time                                                                                          25.803  
Arrival Time                                                                                        -(19.006)  
----------------------------------------  -----------------  ---------------  --------  ---------------------  ------  
Path Slack  (Passed)                                                                                    6.796  




++++ Path 5 ++++++++++++++++++++++++++++++++++++++++++++++++++++++++++ 

Path Begin       : counter/counter_14__i18/Q  (SLICE_R15C17B)
Path End         : {counter/counter_14__i11/SR   counter/counter_14__i12/SR}  (SLICE_R15C16C)
Source Clock     : int_osc (R)
Destination Clock: int_osc (R)
Logic Level      : 6
Delay Ratio      : 72.7% (route), 27.3% (logic)
Clock Skew       : 0.000 ns 
Setup Constraint : 20.833 ns 
Path Slack       : 6.796 ns  (Passed)


Source Clock Path
Name                                      Cell/Site Name     Delay Name       Incr      Arrival/Required Time  Fanout  
----------------------------------------  -----------------  ---------------  --------  ---------------------  ------  
hf_osc/CLKHF                              HFOSC_HFOSC_R1C32  CLOCK LATENCY       0.000                  0.000  15      
counter/int_osc                                              NET DELAY           5.499                  5.499  15      
{counter/counter_14__i17/CK   counter/counter_14__i18/CK}
                                                             CLOCK PIN           0.000                  5.499  1       


Data Path
Name                                      Cell/Site Name     Delay Name       Incr      Arrival/Required Time  Fanout  
----------------------------------------  -----------------  ---------------  --------  ---------------------  ------  
counter/counter_14__i18/CK->counter/counter_14__i18/Q
                                          SLICE_R15C17B      CLK_TO_Q1_DELAY     1.388                  6.887  2       
counter/counter[18]                                          NET DELAY           2.353                  9.240  2       
counter/i9_4_lut/D->counter/i9_4_lut/Z    SLICE_R14C15A      D0_TO_F0_DELAY      0.449                  9.689  1       
counter/n25                                                  NET DELAY           2.551                 12.240  1       
counter/i15_4_lut/A->counter/i15_4_lut/Z  SLICE_R14C16A      A1_TO_F1_DELAY      0.476                 12.716  1       
counter/n277                                                 NET DELAY           0.304                 13.020  1       
counter/i5_3_lut/B->counter/i5_3_lut/Z    SLICE_R14C16B      C0_TO_F0_DELAY      0.476                 13.496  1       
counter/n14                                                  NET DELAY           0.304                 13.800  1       
counter/i8_4_lut/C->counter/i8_4_lut/Z    SLICE_R14C16B      C1_TO_F1_DELAY      0.449                 14.249  2       
counter/n109                                                 NET DELAY           2.168                 16.417  2       
counter/i369_2_lut/A->counter/i369_2_lut/Z
                                          SLICE_R14C16C      D1_TO_F1_DELAY      0.449                 16.866  13      
counter/n21                                                  NET DELAY           2.141                 19.007  13      
{counter/counter_14__i11/SR   counter/counter_14__i12/SR}
                                                             ENDPOINT            0.000                 19.007  1       


Destination Clock Path
Name                                      Cell/Site Name     Delay Name       Incr      Arrival/Required Time  Fanout  
----------------------------------------  -----------------  ---------------  --------  ---------------------  ------  
                                                             CONSTRAINT          0.000                 20.833  1       
hf_osc/CLKHF                              HFOSC_HFOSC_R1C32  CLOCK LATENCY       0.000                 20.833  15      
counter/int_osc                                              NET DELAY           5.499                 26.332  15      
{counter/counter_14__i11/CK   counter/counter_14__i12/CK}
                                                             CLOCK PIN           0.000                 26.332  1       
                                                             Uncertainty      -(0.000)                 26.332  
                                                             Setup time       -(0.529)                 25.803  
----------------------------------------  -----------------  ---------------  --------  ---------------------  ------  
Required Time                                                                                          25.803  
Arrival Time                                                                                        -(19.006)  
----------------------------------------  -----------------  ---------------  --------  ---------------------  ------  
Path Slack  (Passed)                                                                                    6.796  




++++ Path 6 ++++++++++++++++++++++++++++++++++++++++++++++++++++++++++ 

Path Begin       : counter/counter_14__i18/Q  (SLICE_R15C17B)
Path End         : {counter/counter_14__i13/SR   counter/counter_14__i14/SR}  (SLICE_R15C16D)
Source Clock     : int_osc (R)
Destination Clock: int_osc (R)
Logic Level      : 6
Delay Ratio      : 72.7% (route), 27.3% (logic)
Clock Skew       : 0.000 ns 
Setup Constraint : 20.833 ns 
Path Slack       : 6.796 ns  (Passed)


Source Clock Path
Name                                      Cell/Site Name     Delay Name       Incr      Arrival/Required Time  Fanout  
----------------------------------------  -----------------  ---------------  --------  ---------------------  ------  
hf_osc/CLKHF                              HFOSC_HFOSC_R1C32  CLOCK LATENCY       0.000                  0.000  15      
counter/int_osc                                              NET DELAY           5.499                  5.499  15      
{counter/counter_14__i17/CK   counter/counter_14__i18/CK}
                                                             CLOCK PIN           0.000                  5.499  1       


Data Path
Name                                      Cell/Site Name     Delay Name       Incr      Arrival/Required Time  Fanout  
----------------------------------------  -----------------  ---------------  --------  ---------------------  ------  
counter/counter_14__i18/CK->counter/counter_14__i18/Q
                                          SLICE_R15C17B      CLK_TO_Q1_DELAY     1.388                  6.887  2       
counter/counter[18]                                          NET DELAY           2.353                  9.240  2       
counter/i9_4_lut/D->counter/i9_4_lut/Z    SLICE_R14C15A      D0_TO_F0_DELAY      0.449                  9.689  1       
counter/n25                                                  NET DELAY           2.551                 12.240  1       
counter/i15_4_lut/A->counter/i15_4_lut/Z  SLICE_R14C16A      A1_TO_F1_DELAY      0.476                 12.716  1       
counter/n277                                                 NET DELAY           0.304                 13.020  1       
counter/i5_3_lut/B->counter/i5_3_lut/Z    SLICE_R14C16B      C0_TO_F0_DELAY      0.476                 13.496  1       
counter/n14                                                  NET DELAY           0.304                 13.800  1       
counter/i8_4_lut/C->counter/i8_4_lut/Z    SLICE_R14C16B      C1_TO_F1_DELAY      0.449                 14.249  2       
counter/n109                                                 NET DELAY           2.168                 16.417  2       
counter/i369_2_lut/A->counter/i369_2_lut/Z
                                          SLICE_R14C16C      D1_TO_F1_DELAY      0.449                 16.866  13      
counter/n21                                                  NET DELAY           2.141                 19.007  13      
{counter/counter_14__i13/SR   counter/counter_14__i14/SR}
                                                             ENDPOINT            0.000                 19.007  1       


Destination Clock Path
Name                                      Cell/Site Name     Delay Name       Incr      Arrival/Required Time  Fanout  
----------------------------------------  -----------------  ---------------  --------  ---------------------  ------  
                                                             CONSTRAINT          0.000                 20.833  1       
hf_osc/CLKHF                              HFOSC_HFOSC_R1C32  CLOCK LATENCY       0.000                 20.833  15      
counter/int_osc                                              NET DELAY           5.499                 26.332  15      
{counter/counter_14__i13/CK   counter/counter_14__i14/CK}
                                                             CLOCK PIN           0.000                 26.332  1       
                                                             Uncertainty      -(0.000)                 26.332  
                                                             Setup time       -(0.529)                 25.803  
----------------------------------------  -----------------  ---------------  --------  ---------------------  ------  
Required Time                                                                                          25.803  
Arrival Time                                                                                        -(19.006)  
----------------------------------------  -----------------  ---------------  --------  ---------------------  ------  
Path Slack  (Passed)                                                                                    6.796  




++++ Path 7 ++++++++++++++++++++++++++++++++++++++++++++++++++++++++++ 

Path Begin       : counter/counter_14__i18/Q  (SLICE_R15C17B)
Path End         : {counter/counter_14__i15/SR   counter/counter_14__i16/SR}  (SLICE_R15C17A)
Source Clock     : int_osc (R)
Destination Clock: int_osc (R)
Logic Level      : 6
Delay Ratio      : 72.7% (route), 27.3% (logic)
Clock Skew       : 0.000 ns 
Setup Constraint : 20.833 ns 
Path Slack       : 6.796 ns  (Passed)


Source Clock Path
Name                                      Cell/Site Name     Delay Name       Incr      Arrival/Required Time  Fanout  
----------------------------------------  -----------------  ---------------  --------  ---------------------  ------  
hf_osc/CLKHF                              HFOSC_HFOSC_R1C32  CLOCK LATENCY       0.000                  0.000  15      
counter/int_osc                                              NET DELAY           5.499                  5.499  15      
{counter/counter_14__i17/CK   counter/counter_14__i18/CK}
                                                             CLOCK PIN           0.000                  5.499  1       


Data Path
Name                                      Cell/Site Name     Delay Name       Incr      Arrival/Required Time  Fanout  
----------------------------------------  -----------------  ---------------  --------  ---------------------  ------  
counter/counter_14__i18/CK->counter/counter_14__i18/Q
                                          SLICE_R15C17B      CLK_TO_Q1_DELAY     1.388                  6.887  2       
counter/counter[18]                                          NET DELAY           2.353                  9.240  2       
counter/i9_4_lut/D->counter/i9_4_lut/Z    SLICE_R14C15A      D0_TO_F0_DELAY      0.449                  9.689  1       
counter/n25                                                  NET DELAY           2.551                 12.240  1       
counter/i15_4_lut/A->counter/i15_4_lut/Z  SLICE_R14C16A      A1_TO_F1_DELAY      0.476                 12.716  1       
counter/n277                                                 NET DELAY           0.304                 13.020  1       
counter/i5_3_lut/B->counter/i5_3_lut/Z    SLICE_R14C16B      C0_TO_F0_DELAY      0.476                 13.496  1       
counter/n14                                                  NET DELAY           0.304                 13.800  1       
counter/i8_4_lut/C->counter/i8_4_lut/Z    SLICE_R14C16B      C1_TO_F1_DELAY      0.449                 14.249  2       
counter/n109                                                 NET DELAY           2.168                 16.417  2       
counter/i369_2_lut/A->counter/i369_2_lut/Z
                                          SLICE_R14C16C      D1_TO_F1_DELAY      0.449                 16.866  13      
counter/n21                                                  NET DELAY           2.141                 19.007  13      
{counter/counter_14__i15/SR   counter/counter_14__i16/SR}
                                                             ENDPOINT            0.000                 19.007  1       


Destination Clock Path
Name                                      Cell/Site Name     Delay Name       Incr      Arrival/Required Time  Fanout  
----------------------------------------  -----------------  ---------------  --------  ---------------------  ------  
                                                             CONSTRAINT          0.000                 20.833  1       
hf_osc/CLKHF                              HFOSC_HFOSC_R1C32  CLOCK LATENCY       0.000                 20.833  15      
counter/int_osc                                              NET DELAY           5.499                 26.332  15      
{counter/counter_14__i15/CK   counter/counter_14__i16/CK}
                                                             CLOCK PIN           0.000                 26.332  1       
                                                             Uncertainty      -(0.000)                 26.332  
                                                             Setup time       -(0.529)                 25.803  
----------------------------------------  -----------------  ---------------  --------  ---------------------  ------  
Required Time                                                                                          25.803  
Arrival Time                                                                                        -(19.006)  
----------------------------------------  -----------------  ---------------  --------  ---------------------  ------  
Path Slack  (Passed)                                                                                    6.796  




++++ Path 8 ++++++++++++++++++++++++++++++++++++++++++++++++++++++++++ 

Path Begin       : counter/counter_14__i18/Q  (SLICE_R15C17B)
Path End         : {counter/counter_14__i17/SR   counter/counter_14__i18/SR}  (SLICE_R15C17B)
Source Clock     : int_osc (R)
Destination Clock: int_osc (R)
Logic Level      : 6
Delay Ratio      : 72.7% (route), 27.3% (logic)
Clock Skew       : 0.000 ns 
Setup Constraint : 20.833 ns 
Path Slack       : 6.796 ns  (Passed)


Source Clock Path
Name                                      Cell/Site Name     Delay Name       Incr      Arrival/Required Time  Fanout  
----------------------------------------  -----------------  ---------------  --------  ---------------------  ------  
hf_osc/CLKHF                              HFOSC_HFOSC_R1C32  CLOCK LATENCY       0.000                  0.000  15      
counter/int_osc                                              NET DELAY           5.499                  5.499  15      
{counter/counter_14__i17/CK   counter/counter_14__i18/CK}
                                                             CLOCK PIN           0.000                  5.499  1       


Data Path
Name                                      Cell/Site Name     Delay Name       Incr      Arrival/Required Time  Fanout  
----------------------------------------  -----------------  ---------------  --------  ---------------------  ------  
counter/counter_14__i18/CK->counter/counter_14__i18/Q
                                          SLICE_R15C17B      CLK_TO_Q1_DELAY     1.388                  6.887  2       
counter/counter[18]                                          NET DELAY           2.353                  9.240  2       
counter/i9_4_lut/D->counter/i9_4_lut/Z    SLICE_R14C15A      D0_TO_F0_DELAY      0.449                  9.689  1       
counter/n25                                                  NET DELAY           2.551                 12.240  1       
counter/i15_4_lut/A->counter/i15_4_lut/Z  SLICE_R14C16A      A1_TO_F1_DELAY      0.476                 12.716  1       
counter/n277                                                 NET DELAY           0.304                 13.020  1       
counter/i5_3_lut/B->counter/i5_3_lut/Z    SLICE_R14C16B      C0_TO_F0_DELAY      0.476                 13.496  1       
counter/n14                                                  NET DELAY           0.304                 13.800  1       
counter/i8_4_lut/C->counter/i8_4_lut/Z    SLICE_R14C16B      C1_TO_F1_DELAY      0.449                 14.249  2       
counter/n109                                                 NET DELAY           2.168                 16.417  2       
counter/i369_2_lut/A->counter/i369_2_lut/Z
                                          SLICE_R14C16C      D1_TO_F1_DELAY      0.449                 16.866  13      
counter/n21                                                  NET DELAY           2.141                 19.007  13      
{counter/counter_14__i17/SR   counter/counter_14__i18/SR}
                                                             ENDPOINT            0.000                 19.007  1       


Destination Clock Path
Name                                      Cell/Site Name     Delay Name       Incr      Arrival/Required Time  Fanout  
----------------------------------------  -----------------  ---------------  --------  ---------------------  ------  
                                                             CONSTRAINT          0.000                 20.833  1       
hf_osc/CLKHF                              HFOSC_HFOSC_R1C32  CLOCK LATENCY       0.000                 20.833  15      
counter/int_osc                                              NET DELAY           5.499                 26.332  15      
{counter/counter_14__i17/CK   counter/counter_14__i18/CK}
                                                             CLOCK PIN           0.000                 26.332  1       
                                                             Uncertainty      -(0.000)                 26.332  
                                                             Setup time       -(0.529)                 25.803  
----------------------------------------  -----------------  ---------------  --------  ---------------------  ------  
Required Time                                                                                          25.803  
Arrival Time                                                                                        -(19.006)  
----------------------------------------  -----------------  ---------------  --------  ---------------------  ------  
Path Slack  (Passed)                                                                                    6.796  




++++ Path 9 ++++++++++++++++++++++++++++++++++++++++++++++++++++++++++ 

Path Begin       : counter/counter_14__i18/Q  (SLICE_R15C17B)
Path End         : {counter/counter_14__i19/SR   counter/counter_14__i20/SR}  (SLICE_R15C17C)
Source Clock     : int_osc (R)
Destination Clock: int_osc (R)
Logic Level      : 6
Delay Ratio      : 72.7% (route), 27.3% (logic)
Clock Skew       : 0.000 ns 
Setup Constraint : 20.833 ns 
Path Slack       : 6.796 ns  (Passed)


Source Clock Path
Name                                      Cell/Site Name     Delay Name       Incr      Arrival/Required Time  Fanout  
----------------------------------------  -----------------  ---------------  --------  ---------------------  ------  
hf_osc/CLKHF                              HFOSC_HFOSC_R1C32  CLOCK LATENCY       0.000                  0.000  15      
counter/int_osc                                              NET DELAY           5.499                  5.499  15      
{counter/counter_14__i17/CK   counter/counter_14__i18/CK}
                                                             CLOCK PIN           0.000                  5.499  1       


Data Path
Name                                      Cell/Site Name     Delay Name       Incr      Arrival/Required Time  Fanout  
----------------------------------------  -----------------  ---------------  --------  ---------------------  ------  
counter/counter_14__i18/CK->counter/counter_14__i18/Q
                                          SLICE_R15C17B      CLK_TO_Q1_DELAY     1.388                  6.887  2       
counter/counter[18]                                          NET DELAY           2.353                  9.240  2       
counter/i9_4_lut/D->counter/i9_4_lut/Z    SLICE_R14C15A      D0_TO_F0_DELAY      0.449                  9.689  1       
counter/n25                                                  NET DELAY           2.551                 12.240  1       
counter/i15_4_lut/A->counter/i15_4_lut/Z  SLICE_R14C16A      A1_TO_F1_DELAY      0.476                 12.716  1       
counter/n277                                                 NET DELAY           0.304                 13.020  1       
counter/i5_3_lut/B->counter/i5_3_lut/Z    SLICE_R14C16B      C0_TO_F0_DELAY      0.476                 13.496  1       
counter/n14                                                  NET DELAY           0.304                 13.800  1       
counter/i8_4_lut/C->counter/i8_4_lut/Z    SLICE_R14C16B      C1_TO_F1_DELAY      0.449                 14.249  2       
counter/n109                                                 NET DELAY           2.168                 16.417  2       
counter/i369_2_lut/A->counter/i369_2_lut/Z
                                          SLICE_R14C16C      D1_TO_F1_DELAY      0.449                 16.866  13      
counter/n21                                                  NET DELAY           2.141                 19.007  13      
{counter/counter_14__i19/SR   counter/counter_14__i20/SR}
                                                             ENDPOINT            0.000                 19.007  1       


Destination Clock Path
Name                                      Cell/Site Name     Delay Name       Incr      Arrival/Required Time  Fanout  
----------------------------------------  -----------------  ---------------  --------  ---------------------  ------  
                                                             CONSTRAINT          0.000                 20.833  1       
hf_osc/CLKHF                              HFOSC_HFOSC_R1C32  CLOCK LATENCY       0.000                 20.833  15      
counter/int_osc                                              NET DELAY           5.499                 26.332  15      
{counter/counter_14__i19/CK   counter/counter_14__i20/CK}
                                                             CLOCK PIN           0.000                 26.332  1       
                                                             Uncertainty      -(0.000)                 26.332  
                                                             Setup time       -(0.529)                 25.803  
----------------------------------------  -----------------  ---------------  --------  ---------------------  ------  
Required Time                                                                                          25.803  
Arrival Time                                                                                        -(19.006)  
----------------------------------------  -----------------  ---------------  --------  ---------------------  ------  
Path Slack  (Passed)                                                                                    6.796  




++++ Path 10 ++++++++++++++++++++++++++++++++++++++++++++++++++++++++++ 

Path Begin       : counter/counter_14__i18/Q  (SLICE_R15C17B)
Path End         : {counter/counter_14__i21/SR   counter/counter_14__i22/SR}  (SLICE_R15C17D)
Source Clock     : int_osc (R)
Destination Clock: int_osc (R)
Logic Level      : 6
Delay Ratio      : 72.7% (route), 27.3% (logic)
Clock Skew       : 0.000 ns 
Setup Constraint : 20.833 ns 
Path Slack       : 6.796 ns  (Passed)


Source Clock Path
Name                                      Cell/Site Name     Delay Name       Incr      Arrival/Required Time  Fanout  
----------------------------------------  -----------------  ---------------  --------  ---------------------  ------  
hf_osc/CLKHF                              HFOSC_HFOSC_R1C32  CLOCK LATENCY       0.000                  0.000  15      
counter/int_osc                                              NET DELAY           5.499                  5.499  15      
{counter/counter_14__i17/CK   counter/counter_14__i18/CK}
                                                             CLOCK PIN           0.000                  5.499  1       


Data Path
Name                                      Cell/Site Name     Delay Name       Incr      Arrival/Required Time  Fanout  
----------------------------------------  -----------------  ---------------  --------  ---------------------  ------  
counter/counter_14__i18/CK->counter/counter_14__i18/Q
                                          SLICE_R15C17B      CLK_TO_Q1_DELAY     1.388                  6.887  2       
counter/counter[18]                                          NET DELAY           2.353                  9.240  2       
counter/i9_4_lut/D->counter/i9_4_lut/Z    SLICE_R14C15A      D0_TO_F0_DELAY      0.449                  9.689  1       
counter/n25                                                  NET DELAY           2.551                 12.240  1       
counter/i15_4_lut/A->counter/i15_4_lut/Z  SLICE_R14C16A      A1_TO_F1_DELAY      0.476                 12.716  1       
counter/n277                                                 NET DELAY           0.304                 13.020  1       
counter/i5_3_lut/B->counter/i5_3_lut/Z    SLICE_R14C16B      C0_TO_F0_DELAY      0.476                 13.496  1       
counter/n14                                                  NET DELAY           0.304                 13.800  1       
counter/i8_4_lut/C->counter/i8_4_lut/Z    SLICE_R14C16B      C1_TO_F1_DELAY      0.449                 14.249  2       
counter/n109                                                 NET DELAY           2.168                 16.417  2       
counter/i369_2_lut/A->counter/i369_2_lut/Z
                                          SLICE_R14C16C      D1_TO_F1_DELAY      0.449                 16.866  13      
counter/n21                                                  NET DELAY           2.141                 19.007  13      
{counter/counter_14__i21/SR   counter/counter_14__i22/SR}
                                                             ENDPOINT            0.000                 19.007  1       


Destination Clock Path
Name                                      Cell/Site Name     Delay Name       Incr      Arrival/Required Time  Fanout  
----------------------------------------  -----------------  ---------------  --------  ---------------------  ------  
                                                             CONSTRAINT          0.000                 20.833  1       
hf_osc/CLKHF                              HFOSC_HFOSC_R1C32  CLOCK LATENCY       0.000                 20.833  15      
counter/int_osc                                              NET DELAY           5.499                 26.332  15      
{counter/counter_14__i21/CK   counter/counter_14__i22/CK}
                                                             CLOCK PIN           0.000                 26.332  1       
                                                             Uncertainty      -(0.000)                 26.332  
                                                             Setup time       -(0.529)                 25.803  
----------------------------------------  -----------------  ---------------  --------  ---------------------  ------  
Required Time                                                                                          25.803  
Arrival Time                                                                                        -(19.006)  
----------------------------------------  -----------------  ---------------  --------  ---------------------  ------  
Path Slack  (Passed)                                                                                    6.796  



+++++++++++++++++++++++++++++++++++++++++++++++++++++++++++++++++++++ 
                    End of Detailed Report for timing paths 
+++++++++++++++++++++++++++++++++++++++++++++++++++++++++++++++++++++ 


##########################################################



===============================================================
3  Hold at Speed Grade m Corner at -40 Degrees
===============================================================

3.1  Endpoint slacks
=======================
-------------------------------------------------------
          Listing 10 End Points          |    Slack    
-------------------------------------------------------
counter/counter_14__i14/D                |    1.913 ns 
counter/counter_14__i15/D                |    1.913 ns 
counter/counter_14__i16/D                |    1.913 ns 
counter/counter_14__i17/D                |    1.913 ns 
counter/counter_14__i18/D                |    1.913 ns 
counter/counter_14__i19/D                |    1.913 ns 
counter/counter_14__i20/D                |    1.913 ns 
counter/counter_14__i21/D                |    1.913 ns 
counter/counter_14__i22/D                |    1.913 ns 
counter/counter_14__i23/D                |    1.913 ns 
-------------------------------------------------------
                                         |             
Hold # of endpoints with negative slack: |           0 
                                         |             
-------------------------------------------------------

3.2  Detailed Report
=======================


XXXXXXXXXXXXXXXXXXXXXXXXXXXXXXXXXXXXXXXXXXXXXXXXXXXXXXXXXX

Detail report of critical paths

XXXXXXXXXXXXXXXXXXXXXXXXXXXXXXXXXXXXXXXXXXXXXXXXXXXXXXXXXX

+++++++++++++++++++++++++++++++++++++++++++++++++++++++++++++++++++++ 
                    Detailed Report for timing paths 
+++++++++++++++++++++++++++++++++++++++++++++++++++++++++++++++++++++ 

++++ Path 1 ++++++++++++++++++++++++++++++++++++++++++++++++++++++++++ 

Path Begin       : counter/counter_14__i14/Q  (SLICE_R15C16D)
Path End         : counter/counter_14__i14/D  (SLICE_R15C16D)
Source Clock     : int_osc (R)
Destination Clock: int_osc (R)
Logic Level      : 2
Delay Ratio      : 46.1% (route), 53.9% (logic)
Clock Skew       : 0.000 ns 
Hold Constraint  : 0.000 ns 
Path Slack       : 1.913 ns  (Passed)


Source Clock Path
Name                                      Cell/Site Name     Delay Name       Incr   Arrival/Required Time  Fanout  
----------------------------------------  -----------------  ---------------  -----  ---------------------  ------  
hf_osc/CLKHF                              HFOSC_HFOSC_R1C32  CLOCK LATENCY    0.000                  0.000  16      
counter/int_osc                                              NET DELAY        3.084                  3.084  16      
{counter/counter_14__i13/CK   counter/counter_14__i14/CK}
                                                             CLOCK PIN        0.000                  3.084  1       


Data Path
Name                                      Cell/Site Name     Delay Name       Incr   Arrival/Required Time  Fanout  
----------------------------------------  -----------------  ---------------  -----  ---------------------  ------  
counter/counter_14__i14/CK->counter/counter_14__i14/Q
                                          SLICE_R15C16D      CLK_TO_Q1_DELAY  0.779                  3.863  2       
counter/counter[14]                                          NET DELAY        0.882                  4.745  2       
counter/counter_14_add_4_15/C1->counter/counter_14_add_4_15/S1
                                          SLICE_R15C16D      C1_TO_F1_DELAY   0.252                  4.997  1       
counter/n101[14]                                             NET DELAY        0.000                  4.997  1       
counter/counter_14__i14/D                                    ENDPOINT         0.000                  4.997  1       


Destination Clock Path
Name                                      Cell/Site Name     Delay Name       Incr   Arrival/Required Time  Fanout  
----------------------------------------  -----------------  ---------------  -----  ---------------------  ------  
                                                             CONSTRAINT       0.000                  0.000  1       
hf_osc/CLKHF                              HFOSC_HFOSC_R1C32  CLOCK LATENCY    0.000                  0.000  16      
counter/int_osc                                              NET DELAY        3.084                  3.084  16      
{counter/counter_14__i13/CK   counter/counter_14__i14/CK}
                                                             CLOCK PIN        0.000                  3.084  1       
                                                             Uncertainty      0.000                  3.084  
                                                             Hold time        0.000                  3.084  
----------------------------------------  -----------------  ---------------  -----  ---------------------  ------  
Required Time                                                                                       -3.084  
Arrival Time                                                                                         4.997  
----------------------------------------  -----------------  ---------------  -----  ---------------------  ------  
Path Slack  (Passed)                                                                                 1.913  




++++ Path 2 ++++++++++++++++++++++++++++++++++++++++++++++++++++++++++ 

Path Begin       : counter/counter_14__i15/Q  (SLICE_R15C17A)
Path End         : counter/counter_14__i15/D  (SLICE_R15C17A)
Source Clock     : int_osc (R)
Destination Clock: int_osc (R)
Logic Level      : 2
Delay Ratio      : 46.1% (route), 53.9% (logic)
Clock Skew       : 0.000 ns 
Hold Constraint  : 0.000 ns 
Path Slack       : 1.913 ns  (Passed)


Source Clock Path
Name                                      Cell/Site Name     Delay Name       Incr   Arrival/Required Time  Fanout  
----------------------------------------  -----------------  ---------------  -----  ---------------------  ------  
hf_osc/CLKHF                              HFOSC_HFOSC_R1C32  CLOCK LATENCY    0.000                  0.000  16      
counter/int_osc                                              NET DELAY        3.084                  3.084  16      
{counter/counter_14__i15/CK   counter/counter_14__i16/CK}
                                                             CLOCK PIN        0.000                  3.084  1       


Data Path
Name                                      Cell/Site Name     Delay Name       Incr   Arrival/Required Time  Fanout  
----------------------------------------  -----------------  ---------------  -----  ---------------------  ------  
counter/counter_14__i15/CK->counter/counter_14__i15/Q
                                          SLICE_R15C17A      CLK_TO_Q0_DELAY  0.779                  3.863  2       
counter/counter[15]                                          NET DELAY        0.882                  4.745  2       
counter/counter_14_add_4_17/C0->counter/counter_14_add_4_17/S0
                                          SLICE_R15C17A      C0_TO_F0_DELAY   0.252                  4.997  1       
counter/n101[15]                                             NET DELAY        0.000                  4.997  1       
counter/counter_14__i15/D                                    ENDPOINT         0.000                  4.997  1       


Destination Clock Path
Name                                      Cell/Site Name     Delay Name       Incr   Arrival/Required Time  Fanout  
----------------------------------------  -----------------  ---------------  -----  ---------------------  ------  
                                                             CONSTRAINT       0.000                  0.000  1       
hf_osc/CLKHF                              HFOSC_HFOSC_R1C32  CLOCK LATENCY    0.000                  0.000  16      
counter/int_osc                                              NET DELAY        3.084                  3.084  16      
{counter/counter_14__i15/CK   counter/counter_14__i16/CK}
                                                             CLOCK PIN        0.000                  3.084  1       
                                                             Uncertainty      0.000                  3.084  
                                                             Hold time        0.000                  3.084  
----------------------------------------  -----------------  ---------------  -----  ---------------------  ------  
Required Time                                                                                       -3.084  
Arrival Time                                                                                         4.997  
----------------------------------------  -----------------  ---------------  -----  ---------------------  ------  
Path Slack  (Passed)                                                                                 1.913  




++++ Path 3 ++++++++++++++++++++++++++++++++++++++++++++++++++++++++++ 

Path Begin       : counter/counter_14__i16/Q  (SLICE_R15C17A)
Path End         : counter/counter_14__i16/D  (SLICE_R15C17A)
Source Clock     : int_osc (R)
Destination Clock: int_osc (R)
Logic Level      : 2
Delay Ratio      : 46.1% (route), 53.9% (logic)
Clock Skew       : 0.000 ns 
Hold Constraint  : 0.000 ns 
Path Slack       : 1.913 ns  (Passed)


Source Clock Path
Name                                      Cell/Site Name     Delay Name       Incr   Arrival/Required Time  Fanout  
----------------------------------------  -----------------  ---------------  -----  ---------------------  ------  
hf_osc/CLKHF                              HFOSC_HFOSC_R1C32  CLOCK LATENCY    0.000                  0.000  16      
counter/int_osc                                              NET DELAY        3.084                  3.084  16      
{counter/counter_14__i15/CK   counter/counter_14__i16/CK}
                                                             CLOCK PIN        0.000                  3.084  1       


Data Path
Name                                      Cell/Site Name     Delay Name       Incr   Arrival/Required Time  Fanout  
----------------------------------------  -----------------  ---------------  -----  ---------------------  ------  
counter/counter_14__i16/CK->counter/counter_14__i16/Q
                                          SLICE_R15C17A      CLK_TO_Q1_DELAY  0.779                  3.863  2       
counter/counter[16]                                          NET DELAY        0.882                  4.745  2       
counter/counter_14_add_4_17/C1->counter/counter_14_add_4_17/S1
                                          SLICE_R15C17A      C1_TO_F1_DELAY   0.252                  4.997  1       
counter/n101[16]                                             NET DELAY        0.000                  4.997  1       
counter/counter_14__i16/D                                    ENDPOINT         0.000                  4.997  1       


Destination Clock Path
Name                                      Cell/Site Name     Delay Name       Incr   Arrival/Required Time  Fanout  
----------------------------------------  -----------------  ---------------  -----  ---------------------  ------  
                                                             CONSTRAINT       0.000                  0.000  1       
hf_osc/CLKHF                              HFOSC_HFOSC_R1C32  CLOCK LATENCY    0.000                  0.000  16      
counter/int_osc                                              NET DELAY        3.084                  3.084  16      
{counter/counter_14__i15/CK   counter/counter_14__i16/CK}
                                                             CLOCK PIN        0.000                  3.084  1       
                                                             Uncertainty      0.000                  3.084  
                                                             Hold time        0.000                  3.084  
----------------------------------------  -----------------  ---------------  -----  ---------------------  ------  
Required Time                                                                                       -3.084  
Arrival Time                                                                                         4.997  
----------------------------------------  -----------------  ---------------  -----  ---------------------  ------  
Path Slack  (Passed)                                                                                 1.913  




++++ Path 4 ++++++++++++++++++++++++++++++++++++++++++++++++++++++++++ 

Path Begin       : counter/counter_14__i17/Q  (SLICE_R15C17B)
Path End         : counter/counter_14__i17/D  (SLICE_R15C17B)
Source Clock     : int_osc (R)
Destination Clock: int_osc (R)
Logic Level      : 2
Delay Ratio      : 46.1% (route), 53.9% (logic)
Clock Skew       : 0.000 ns 
Hold Constraint  : 0.000 ns 
Path Slack       : 1.913 ns  (Passed)


Source Clock Path
Name                                      Cell/Site Name     Delay Name       Incr   Arrival/Required Time  Fanout  
----------------------------------------  -----------------  ---------------  -----  ---------------------  ------  
hf_osc/CLKHF                              HFOSC_HFOSC_R1C32  CLOCK LATENCY    0.000                  0.000  16      
counter/int_osc                                              NET DELAY        3.084                  3.084  16      
{counter/counter_14__i17/CK   counter/counter_14__i18/CK}
                                                             CLOCK PIN        0.000                  3.084  1       


Data Path
Name                                      Cell/Site Name     Delay Name       Incr   Arrival/Required Time  Fanout  
----------------------------------------  -----------------  ---------------  -----  ---------------------  ------  
counter/counter_14__i17/CK->counter/counter_14__i17/Q
                                          SLICE_R15C17B      CLK_TO_Q0_DELAY  0.779                  3.863  2       
counter/counter[17]                                          NET DELAY        0.882                  4.745  2       
counter/counter_14_add_4_19/C0->counter/counter_14_add_4_19/S0
                                          SLICE_R15C17B      C0_TO_F0_DELAY   0.252                  4.997  1       
counter/n101[17]                                             NET DELAY        0.000                  4.997  1       
counter/counter_14__i17/D                                    ENDPOINT         0.000                  4.997  1       


Destination Clock Path
Name                                      Cell/Site Name     Delay Name       Incr   Arrival/Required Time  Fanout  
----------------------------------------  -----------------  ---------------  -----  ---------------------  ------  
                                                             CONSTRAINT       0.000                  0.000  1       
hf_osc/CLKHF                              HFOSC_HFOSC_R1C32  CLOCK LATENCY    0.000                  0.000  16      
counter/int_osc                                              NET DELAY        3.084                  3.084  16      
{counter/counter_14__i17/CK   counter/counter_14__i18/CK}
                                                             CLOCK PIN        0.000                  3.084  1       
                                                             Uncertainty      0.000                  3.084  
                                                             Hold time        0.000                  3.084  
----------------------------------------  -----------------  ---------------  -----  ---------------------  ------  
Required Time                                                                                       -3.084  
Arrival Time                                                                                         4.997  
----------------------------------------  -----------------  ---------------  -----  ---------------------  ------  
Path Slack  (Passed)                                                                                 1.913  




++++ Path 5 ++++++++++++++++++++++++++++++++++++++++++++++++++++++++++ 

Path Begin       : counter/counter_14__i18/Q  (SLICE_R15C17B)
Path End         : counter/counter_14__i18/D  (SLICE_R15C17B)
Source Clock     : int_osc (R)
Destination Clock: int_osc (R)
Logic Level      : 2
Delay Ratio      : 46.1% (route), 53.9% (logic)
Clock Skew       : 0.000 ns 
Hold Constraint  : 0.000 ns 
Path Slack       : 1.913 ns  (Passed)


Source Clock Path
Name                                      Cell/Site Name     Delay Name       Incr   Arrival/Required Time  Fanout  
----------------------------------------  -----------------  ---------------  -----  ---------------------  ------  
hf_osc/CLKHF                              HFOSC_HFOSC_R1C32  CLOCK LATENCY    0.000                  0.000  16      
counter/int_osc                                              NET DELAY        3.084                  3.084  16      
{counter/counter_14__i17/CK   counter/counter_14__i18/CK}
                                                             CLOCK PIN        0.000                  3.084  1       


Data Path
Name                                      Cell/Site Name     Delay Name       Incr   Arrival/Required Time  Fanout  
----------------------------------------  -----------------  ---------------  -----  ---------------------  ------  
counter/counter_14__i18/CK->counter/counter_14__i18/Q
                                          SLICE_R15C17B      CLK_TO_Q1_DELAY  0.779                  3.863  2       
counter/counter[18]                                          NET DELAY        0.882                  4.745  2       
counter/counter_14_add_4_19/C1->counter/counter_14_add_4_19/S1
                                          SLICE_R15C17B      C1_TO_F1_DELAY   0.252                  4.997  1       
counter/n101[18]                                             NET DELAY        0.000                  4.997  1       
counter/counter_14__i18/D                                    ENDPOINT         0.000                  4.997  1       


Destination Clock Path
Name                                      Cell/Site Name     Delay Name       Incr   Arrival/Required Time  Fanout  
----------------------------------------  -----------------  ---------------  -----  ---------------------  ------  
                                                             CONSTRAINT       0.000                  0.000  1       
hf_osc/CLKHF                              HFOSC_HFOSC_R1C32  CLOCK LATENCY    0.000                  0.000  16      
counter/int_osc                                              NET DELAY        3.084                  3.084  16      
{counter/counter_14__i17/CK   counter/counter_14__i18/CK}
                                                             CLOCK PIN        0.000                  3.084  1       
                                                             Uncertainty      0.000                  3.084  
                                                             Hold time        0.000                  3.084  
----------------------------------------  -----------------  ---------------  -----  ---------------------  ------  
Required Time                                                                                       -3.084  
Arrival Time                                                                                         4.997  
----------------------------------------  -----------------  ---------------  -----  ---------------------  ------  
Path Slack  (Passed)                                                                                 1.913  




++++ Path 6 ++++++++++++++++++++++++++++++++++++++++++++++++++++++++++ 

Path Begin       : counter/counter_14__i19/Q  (SLICE_R15C17C)
Path End         : counter/counter_14__i19/D  (SLICE_R15C17C)
Source Clock     : int_osc (R)
Destination Clock: int_osc (R)
Logic Level      : 2
Delay Ratio      : 46.1% (route), 53.9% (logic)
Clock Skew       : 0.000 ns 
Hold Constraint  : 0.000 ns 
Path Slack       : 1.913 ns  (Passed)


Source Clock Path
Name                                      Cell/Site Name     Delay Name       Incr   Arrival/Required Time  Fanout  
----------------------------------------  -----------------  ---------------  -----  ---------------------  ------  
hf_osc/CLKHF                              HFOSC_HFOSC_R1C32  CLOCK LATENCY    0.000                  0.000  16      
counter/int_osc                                              NET DELAY        3.084                  3.084  16      
{counter/counter_14__i19/CK   counter/counter_14__i20/CK}
                                                             CLOCK PIN        0.000                  3.084  1       


Data Path
Name                                      Cell/Site Name     Delay Name       Incr   Arrival/Required Time  Fanout  
----------------------------------------  -----------------  ---------------  -----  ---------------------  ------  
counter/counter_14__i19/CK->counter/counter_14__i19/Q
                                          SLICE_R15C17C      CLK_TO_Q0_DELAY  0.779                  3.863  2       
counter/counter[19]                                          NET DELAY        0.882                  4.745  2       
counter/counter_14_add_4_21/C0->counter/counter_14_add_4_21/S0
                                          SLICE_R15C17C      C0_TO_F0_DELAY   0.252                  4.997  1       
counter/n101[19]                                             NET DELAY        0.000                  4.997  1       
counter/counter_14__i19/D                                    ENDPOINT         0.000                  4.997  1       


Destination Clock Path
Name                                      Cell/Site Name     Delay Name       Incr   Arrival/Required Time  Fanout  
----------------------------------------  -----------------  ---------------  -----  ---------------------  ------  
                                                             CONSTRAINT       0.000                  0.000  1       
hf_osc/CLKHF                              HFOSC_HFOSC_R1C32  CLOCK LATENCY    0.000                  0.000  16      
counter/int_osc                                              NET DELAY        3.084                  3.084  16      
{counter/counter_14__i19/CK   counter/counter_14__i20/CK}
                                                             CLOCK PIN        0.000                  3.084  1       
                                                             Uncertainty      0.000                  3.084  
                                                             Hold time        0.000                  3.084  
----------------------------------------  -----------------  ---------------  -----  ---------------------  ------  
Required Time                                                                                       -3.084  
Arrival Time                                                                                         4.997  
----------------------------------------  -----------------  ---------------  -----  ---------------------  ------  
Path Slack  (Passed)                                                                                 1.913  




++++ Path 7 ++++++++++++++++++++++++++++++++++++++++++++++++++++++++++ 

Path Begin       : counter/counter_14__i20/Q  (SLICE_R15C17C)
Path End         : counter/counter_14__i20/D  (SLICE_R15C17C)
Source Clock     : int_osc (R)
Destination Clock: int_osc (R)
Logic Level      : 2
Delay Ratio      : 46.1% (route), 53.9% (logic)
Clock Skew       : 0.000 ns 
Hold Constraint  : 0.000 ns 
Path Slack       : 1.913 ns  (Passed)


Source Clock Path
Name                                      Cell/Site Name     Delay Name       Incr   Arrival/Required Time  Fanout  
----------------------------------------  -----------------  ---------------  -----  ---------------------  ------  
hf_osc/CLKHF                              HFOSC_HFOSC_R1C32  CLOCK LATENCY    0.000                  0.000  16      
counter/int_osc                                              NET DELAY        3.084                  3.084  16      
{counter/counter_14__i19/CK   counter/counter_14__i20/CK}
                                                             CLOCK PIN        0.000                  3.084  1       


Data Path
Name                                      Cell/Site Name     Delay Name       Incr   Arrival/Required Time  Fanout  
----------------------------------------  -----------------  ---------------  -----  ---------------------  ------  
counter/counter_14__i20/CK->counter/counter_14__i20/Q
                                          SLICE_R15C17C      CLK_TO_Q1_DELAY  0.779                  3.863  2       
counter/counter[20]                                          NET DELAY        0.882                  4.745  2       
counter/counter_14_add_4_21/C1->counter/counter_14_add_4_21/S1
                                          SLICE_R15C17C      C1_TO_F1_DELAY   0.252                  4.997  1       
counter/n101[20]                                             NET DELAY        0.000                  4.997  1       
counter/counter_14__i20/D                                    ENDPOINT         0.000                  4.997  1       


Destination Clock Path
Name                                      Cell/Site Name     Delay Name       Incr   Arrival/Required Time  Fanout  
----------------------------------------  -----------------  ---------------  -----  ---------------------  ------  
                                                             CONSTRAINT       0.000                  0.000  1       
hf_osc/CLKHF                              HFOSC_HFOSC_R1C32  CLOCK LATENCY    0.000                  0.000  16      
counter/int_osc                                              NET DELAY        3.084                  3.084  16      
{counter/counter_14__i19/CK   counter/counter_14__i20/CK}
                                                             CLOCK PIN        0.000                  3.084  1       
                                                             Uncertainty      0.000                  3.084  
                                                             Hold time        0.000                  3.084  
----------------------------------------  -----------------  ---------------  -----  ---------------------  ------  
Required Time                                                                                       -3.084  
Arrival Time                                                                                         4.997  
----------------------------------------  -----------------  ---------------  -----  ---------------------  ------  
Path Slack  (Passed)                                                                                 1.913  




++++ Path 8 ++++++++++++++++++++++++++++++++++++++++++++++++++++++++++ 

Path Begin       : counter/counter_14__i21/Q  (SLICE_R15C17D)
Path End         : counter/counter_14__i21/D  (SLICE_R15C17D)
Source Clock     : int_osc (R)
Destination Clock: int_osc (R)
Logic Level      : 2
Delay Ratio      : 46.1% (route), 53.9% (logic)
Clock Skew       : 0.000 ns 
Hold Constraint  : 0.000 ns 
Path Slack       : 1.913 ns  (Passed)


Source Clock Path
Name                                      Cell/Site Name     Delay Name       Incr   Arrival/Required Time  Fanout  
----------------------------------------  -----------------  ---------------  -----  ---------------------  ------  
hf_osc/CLKHF                              HFOSC_HFOSC_R1C32  CLOCK LATENCY    0.000                  0.000  16      
counter/int_osc                                              NET DELAY        3.084                  3.084  16      
{counter/counter_14__i21/CK   counter/counter_14__i22/CK}
                                                             CLOCK PIN        0.000                  3.084  1       


Data Path
Name                                      Cell/Site Name     Delay Name       Incr   Arrival/Required Time  Fanout  
----------------------------------------  -----------------  ---------------  -----  ---------------------  ------  
counter/counter_14__i21/CK->counter/counter_14__i21/Q
                                          SLICE_R15C17D      CLK_TO_Q0_DELAY  0.779                  3.863  2       
counter/counter[21]                                          NET DELAY        0.882                  4.745  2       
counter/counter_14_add_4_23/C0->counter/counter_14_add_4_23/S0
                                          SLICE_R15C17D      C0_TO_F0_DELAY   0.252                  4.997  1       
counter/n101[21]                                             NET DELAY        0.000                  4.997  1       
counter/counter_14__i21/D                                    ENDPOINT         0.000                  4.997  1       


Destination Clock Path
Name                                      Cell/Site Name     Delay Name       Incr   Arrival/Required Time  Fanout  
----------------------------------------  -----------------  ---------------  -----  ---------------------  ------  
                                                             CONSTRAINT       0.000                  0.000  1       
hf_osc/CLKHF                              HFOSC_HFOSC_R1C32  CLOCK LATENCY    0.000                  0.000  16      
counter/int_osc                                              NET DELAY        3.084                  3.084  16      
{counter/counter_14__i21/CK   counter/counter_14__i22/CK}
                                                             CLOCK PIN        0.000                  3.084  1       
                                                             Uncertainty      0.000                  3.084  
                                                             Hold time        0.000                  3.084  
----------------------------------------  -----------------  ---------------  -----  ---------------------  ------  
Required Time                                                                                       -3.084  
Arrival Time                                                                                         4.997  
----------------------------------------  -----------------  ---------------  -----  ---------------------  ------  
Path Slack  (Passed)                                                                                 1.913  




++++ Path 9 ++++++++++++++++++++++++++++++++++++++++++++++++++++++++++ 

Path Begin       : counter/counter_14__i22/Q  (SLICE_R15C17D)
Path End         : counter/counter_14__i22/D  (SLICE_R15C17D)
Source Clock     : int_osc (R)
Destination Clock: int_osc (R)
Logic Level      : 2
Delay Ratio      : 46.1% (route), 53.9% (logic)
Clock Skew       : 0.000 ns 
Hold Constraint  : 0.000 ns 
Path Slack       : 1.913 ns  (Passed)


Source Clock Path
Name                                      Cell/Site Name     Delay Name       Incr   Arrival/Required Time  Fanout  
----------------------------------------  -----------------  ---------------  -----  ---------------------  ------  
hf_osc/CLKHF                              HFOSC_HFOSC_R1C32  CLOCK LATENCY    0.000                  0.000  16      
counter/int_osc                                              NET DELAY        3.084                  3.084  16      
{counter/counter_14__i21/CK   counter/counter_14__i22/CK}
                                                             CLOCK PIN        0.000                  3.084  1       


Data Path
Name                                      Cell/Site Name     Delay Name       Incr   Arrival/Required Time  Fanout  
----------------------------------------  -----------------  ---------------  -----  ---------------------  ------  
counter/counter_14__i22/CK->counter/counter_14__i22/Q
                                          SLICE_R15C17D      CLK_TO_Q1_DELAY  0.779                  3.863  2       
counter/counter[22]                                          NET DELAY        0.882                  4.745  2       
counter/counter_14_add_4_23/C1->counter/counter_14_add_4_23/S1
                                          SLICE_R15C17D      C1_TO_F1_DELAY   0.252                  4.997  1       
counter/n101[22]                                             NET DELAY        0.000                  4.997  1       
counter/counter_14__i22/D                                    ENDPOINT         0.000                  4.997  1       


Destination Clock Path
Name                                      Cell/Site Name     Delay Name       Incr   Arrival/Required Time  Fanout  
----------------------------------------  -----------------  ---------------  -----  ---------------------  ------  
                                                             CONSTRAINT       0.000                  0.000  1       
hf_osc/CLKHF                              HFOSC_HFOSC_R1C32  CLOCK LATENCY    0.000                  0.000  16      
counter/int_osc                                              NET DELAY        3.084                  3.084  16      
{counter/counter_14__i21/CK   counter/counter_14__i22/CK}
                                                             CLOCK PIN        0.000                  3.084  1       
                                                             Uncertainty      0.000                  3.084  
                                                             Hold time        0.000                  3.084  
----------------------------------------  -----------------  ---------------  -----  ---------------------  ------  
Required Time                                                                                       -3.084  
Arrival Time                                                                                         4.997  
----------------------------------------  -----------------  ---------------  -----  ---------------------  ------  
Path Slack  (Passed)                                                                                 1.913  




++++ Path 10 ++++++++++++++++++++++++++++++++++++++++++++++++++++++++++ 

Path Begin       : counter/counter_14__i23/Q  (SLICE_R15C18A)
Path End         : counter/counter_14__i23/D  (SLICE_R15C18A)
Source Clock     : int_osc (R)
Destination Clock: int_osc (R)
Logic Level      : 2
Delay Ratio      : 46.1% (route), 53.9% (logic)
Clock Skew       : 0.000 ns 
Hold Constraint  : 0.000 ns 
Path Slack       : 1.913 ns  (Passed)


Source Clock Path
Name                                      Cell/Site Name     Delay Name       Incr   Arrival/Required Time  Fanout  
----------------------------------------  -----------------  ---------------  -----  ---------------------  ------  
hf_osc/CLKHF                              HFOSC_HFOSC_R1C32  CLOCK LATENCY    0.000                  0.000  16      
counter/int_osc                                              NET DELAY        3.084                  3.084  16      
counter/counter_14__i23/CK                                   CLOCK PIN        0.000                  3.084  1       


Data Path
Name                                      Cell/Site Name     Delay Name       Incr   Arrival/Required Time  Fanout  
----------------------------------------  -----------------  ---------------  -----  ---------------------  ------  
counter/counter_14__i23/CK->counter/counter_14__i23/Q
                                          SLICE_R15C18A      CLK_TO_Q0_DELAY  0.779                  3.863  2       
counter/counter[23]                                          NET DELAY        0.882                  4.745  2       
counter/counter_14_add_4_25/C0->counter/counter_14_add_4_25/S0
                                          SLICE_R15C18A      C0_TO_F0_DELAY   0.252                  4.997  1       
counter/n101[23]                                             NET DELAY        0.000                  4.997  1       
counter/counter_14__i23/D                                    ENDPOINT         0.000                  4.997  1       


Destination Clock Path
Name                                      Cell/Site Name     Delay Name       Incr   Arrival/Required Time  Fanout  
----------------------------------------  -----------------  ---------------  -----  ---------------------  ------  
                                                             CONSTRAINT       0.000                  0.000  1       
hf_osc/CLKHF                              HFOSC_HFOSC_R1C32  CLOCK LATENCY    0.000                  0.000  16      
counter/int_osc                                              NET DELAY        3.084                  3.084  16      
counter/counter_14__i23/CK                                   CLOCK PIN        0.000                  3.084  1       
                                                             Uncertainty      0.000                  3.084  
                                                             Hold time        0.000                  3.084  
----------------------------------------  -----------------  ---------------  -----  ---------------------  ------  
Required Time                                                                                       -3.084  
Arrival Time                                                                                         4.997  
----------------------------------------  -----------------  ---------------  -----  ---------------------  ------  
Path Slack  (Passed)                                                                                 1.913  



+++++++++++++++++++++++++++++++++++++++++++++++++++++++++++++++++++++ 
                    End of Detailed Report for timing paths 
+++++++++++++++++++++++++++++++++++++++++++++++++++++++++++++++++++++ 


##########################################################



